Archive member included to satisfy reference by file (symbol)

c:/dev/gnu tools arm embedded/5.4 2016q3/bin/../lib/gcc/arm-none-eabi/5.4.1/armv6-m\libgcc.a(_udivsi3.o)
                              ./system/src/stm32f0-stdperiph/stm32f0xx_rcc.o (__aeabi_uidiv)
c:/dev/gnu tools arm embedded/5.4 2016q3/bin/../lib/gcc/arm-none-eabi/5.4.1/armv6-m\libgcc.a(_dvmd_tls.o)
                              c:/dev/gnu tools arm embedded/5.4 2016q3/bin/../lib/gcc/arm-none-eabi/5.4.1/armv6-m\libgcc.a(_udivsi3.o) (__aeabi_idiv0)
c:/dev/gnu tools arm embedded/5.4 2016q3/bin/../lib/gcc/arm-none-eabi/5.4.1/../../../../arm-none-eabi/lib/armv6-m\libg_nano.a(lib_a-errno.o)
                              ./system/src/newlib/_sbrk.o (__errno)
c:/dev/gnu tools arm embedded/5.4 2016q3/bin/../lib/gcc/arm-none-eabi/5.4.1/../../../../arm-none-eabi/lib/armv6-m\libg_nano.a(lib_a-impure.o)
                              c:/dev/gnu tools arm embedded/5.4 2016q3/bin/../lib/gcc/arm-none-eabi/5.4.1/../../../../arm-none-eabi/lib/armv6-m\libg_nano.a(lib_a-errno.o) (_impure_ptr)
c:/dev/gnu tools arm embedded/5.4 2016q3/bin/../lib/gcc/arm-none-eabi/5.4.1/../../../../arm-none-eabi/lib/armv6-m\libg_nano.a(lib_a-strlen.o)
                              ./system/src/diag/Trace.o (strlen)
c:/dev/gnu tools arm embedded/5.4 2016q3/bin/../lib/gcc/arm-none-eabi/5.4.1/../../../../arm-none-eabi/lib/armv6-m\libg_nano.a(lib_a-vsnprintf.o)
                              ./system/src/diag/Trace.o (vsnprintf)
c:/dev/gnu tools arm embedded/5.4 2016q3/bin/../lib/gcc/arm-none-eabi/5.4.1/../../../../arm-none-eabi/lib/armv6-m\libg_nano.a(lib_a-nano-svfprintf.o)
                              c:/dev/gnu tools arm embedded/5.4 2016q3/bin/../lib/gcc/arm-none-eabi/5.4.1/../../../../arm-none-eabi/lib/armv6-m\libg_nano.a(lib_a-vsnprintf.o) (_svfprintf_r)
c:/dev/gnu tools arm embedded/5.4 2016q3/bin/../lib/gcc/arm-none-eabi/5.4.1/../../../../arm-none-eabi/lib/armv6-m\libg_nano.a(lib_a-nano-vfprintf_i.o)
                              c:/dev/gnu tools arm embedded/5.4 2016q3/bin/../lib/gcc/arm-none-eabi/5.4.1/../../../../arm-none-eabi/lib/armv6-m\libg_nano.a(lib_a-nano-svfprintf.o) (_printf_i)
c:/dev/gnu tools arm embedded/5.4 2016q3/bin/../lib/gcc/arm-none-eabi/5.4.1/../../../../arm-none-eabi/lib/armv6-m\libg_nano.a(lib_a-memchr-stub.o)
                              c:/dev/gnu tools arm embedded/5.4 2016q3/bin/../lib/gcc/arm-none-eabi/5.4.1/../../../../arm-none-eabi/lib/armv6-m\libg_nano.a(lib_a-nano-svfprintf.o) (memchr)
c:/dev/gnu tools arm embedded/5.4 2016q3/bin/../lib/gcc/arm-none-eabi/5.4.1/../../../../arm-none-eabi/lib/armv6-m\libg_nano.a(lib_a-memcpy-stub.o)
                              c:/dev/gnu tools arm embedded/5.4 2016q3/bin/../lib/gcc/arm-none-eabi/5.4.1/../../../../arm-none-eabi/lib/armv6-m\libg_nano.a(lib_a-nano-svfprintf.o) (memcpy)
c:/dev/gnu tools arm embedded/5.4 2016q3/bin/../lib/gcc/arm-none-eabi/5.4.1/../../../../arm-none-eabi/lib/armv6-m\libg_nano.a(lib_a-memmove.o)
                              c:/dev/gnu tools arm embedded/5.4 2016q3/bin/../lib/gcc/arm-none-eabi/5.4.1/../../../../arm-none-eabi/lib/armv6-m\libg_nano.a(lib_a-nano-svfprintf.o) (memmove)
c:/dev/gnu tools arm embedded/5.4 2016q3/bin/../lib/gcc/arm-none-eabi/5.4.1/../../../../arm-none-eabi/lib/armv6-m\libg_nano.a(lib_a-nano-freer.o)
                              c:/dev/gnu tools arm embedded/5.4 2016q3/bin/../lib/gcc/arm-none-eabi/5.4.1/../../../../arm-none-eabi/lib/armv6-m\libg_nano.a(lib_a-nano-svfprintf.o) (_free_r)
c:/dev/gnu tools arm embedded/5.4 2016q3/bin/../lib/gcc/arm-none-eabi/5.4.1/../../../../arm-none-eabi/lib/armv6-m\libg_nano.a(lib_a-nano-mallocr.o)
                              c:/dev/gnu tools arm embedded/5.4 2016q3/bin/../lib/gcc/arm-none-eabi/5.4.1/../../../../arm-none-eabi/lib/armv6-m\libg_nano.a(lib_a-nano-svfprintf.o) (_malloc_r)
c:/dev/gnu tools arm embedded/5.4 2016q3/bin/../lib/gcc/arm-none-eabi/5.4.1/../../../../arm-none-eabi/lib/armv6-m\libg_nano.a(lib_a-nano-reallocr.o)
                              c:/dev/gnu tools arm embedded/5.4 2016q3/bin/../lib/gcc/arm-none-eabi/5.4.1/../../../../arm-none-eabi/lib/armv6-m\libg_nano.a(lib_a-nano-svfprintf.o) (_realloc_r)
c:/dev/gnu tools arm embedded/5.4 2016q3/bin/../lib/gcc/arm-none-eabi/5.4.1/../../../../arm-none-eabi/lib/armv6-m\libg_nano.a(lib_a-sbrkr.o)
                              c:/dev/gnu tools arm embedded/5.4 2016q3/bin/../lib/gcc/arm-none-eabi/5.4.1/../../../../arm-none-eabi/lib/armv6-m\libg_nano.a(lib_a-nano-mallocr.o) (_sbrk_r)
c:/dev/gnu tools arm embedded/5.4 2016q3/bin/../lib/gcc/arm-none-eabi/5.4.1/../../../../arm-none-eabi/lib/armv6-m\libg_nano.a(lib_a-mlock.o)
                              c:/dev/gnu tools arm embedded/5.4 2016q3/bin/../lib/gcc/arm-none-eabi/5.4.1/../../../../arm-none-eabi/lib/armv6-m\libg_nano.a(lib_a-nano-freer.o) (__malloc_lock)
[...]
Memory Configuration

Name             Origin             Length             Attributes
RAM              0x20000000         0x00002000         xrw
CCMRAM           0x00000000         0x00000000         xrw
FLASH            0x08000000         0x00010000         xr
FLASHB1          0x00000000         0x00000000         xr
EXTMEMB0         0x00000000         0x00000000         xr
EXTMEMB1         0x00000000         0x00000000         xr
EXTMEMB2         0x00000000         0x00000000         xr
EXTMEMB3         0x00000000         0x00000000         xr
MEMORY_ARRAY     0x00000000         0x00000000         xrw
*default*        0x00000000         0xffffffff

Linker script and memory map

LOAD ./system/src/stm32f0-stdperiph/stm32f0xx_gpio.o
LOAD ./system/src/stm32f0-stdperiph/stm32f0xx_rcc.o
LOAD ./system/src/newlib/_cxx.o
LOAD ./system/src/newlib/_exit.o
LOAD ./system/src/newlib/_sbrk.o
LOAD ./system/src/newlib/_startup.o
LOAD ./system/src/newlib/_syscalls.o
LOAD ./system/src/newlib/assert.o
LOAD ./system/src/diag/Trace.o
LOAD ./system/src/diag/trace_impl.o
LOAD ./system/src/cortexm/_initialize_hardware.o
LOAD ./system/src/cortexm/_reset_hardware.o
LOAD ./system/src/cortexm/exception_handlers.o
LOAD ./system/src/cmsis/system_stm32f0xx.o
LOAD ./system/src/cmsis/vectors_stm32f0xx.o
LOAD ./src/_write.o
LOAD ./src/main.o
LOAD c:/dev/gnu tools arm embedded/5.4 2016q3/bin/../lib/gcc/arm-none-eabi/5.4.1/../../../../arm-none-eabi/lib/armv6-m\libstdc++_nano.a
LOAD c:/dev/gnu tools arm embedded/5.4 2016q3/bin/../lib/gcc/arm-none-eabi/5.4.1/../../../../arm-none-eabi/lib/armv6-m\libm.a
START GROUP
LOAD c:/dev/gnu tools arm embedded/5.4 2016q3/bin/../lib/gcc/arm-none-eabi/5.4.1/armv6-m\libgcc.a
LOAD c:/dev/gnu tools arm embedded/5.4 2016q3/bin/../lib/gcc/arm-none-eabi/5.4.1/../../../../arm-none-eabi/lib/armv6-m\libg_nano.a
LOAD c:/dev/gnu tools arm embedded/5.4 2016q3/bin/../lib/gcc/arm-none-eabi/5.4.1/../../../../arm-none-eabi/lib/armv6-m\libc_nano.a
END GROUP
START GROUP
LOAD c:/dev/gnu tools arm embedded/5.4 2016q3/bin/../lib/gcc/arm-none-eabi/5.4.1/armv6-m\libgcc.a
LOAD c:/dev/gnu tools arm embedded/5.4 2016q3/bin/../lib/gcc/arm-none-eabi/5.4.1/../../../../arm-none-eabi/lib/armv6-m\libc_nano.a
END GROUP
                0x20002000                __stack = (ORIGIN (RAM) + LENGTH (RAM))
                0x20002000                _estack = __stack
                0x00000400                __Main_Stack_Size = 0x400
                [!provide]                PROVIDE (_Main_Stack_Size, __Main_Stack_Size)
                0x20001c00                __Main_Stack_Limit = (__stack - __Main_Stack_Size)
                [!provide]                PROVIDE (_Main_Stack_Limit, __Main_Stack_Limit)
                0x00000100                _Minimum_Stack_Size = 0x100
                0x20000124                PROVIDE (_Heap_Begin, _end_noinit)
                0x20001c00                PROVIDE (_Heap_Limit, (__stack - __Main_Stack_Size))

.isr_vector     0x08000000      0x230
 FILL mask 0xff
                0x08000000                __vectors_start = ABSOLUTE (.)
                0x08000000                __vectors_start__ = ABSOLUTE (.)
 *(.isr_vector)
 .isr_vector    0x08000000       0xc4 ./system/src/cmsis/vectors_stm32f0xx.o
                0x08000000                g_pfnVectors
 *(.cfmconfig)
 *(.after_vectors .after_vectors.*)
 .after_vectors
                0x080000c4      0x118 ./system/src/newlib/_startup.o
                0x080000c4                _start
 .after_vectors
                0x080001dc       0x50 ./system/src/cortexm/exception_handlers.o
                0x080001dc                Reset_Handler
                0x080001e4                NMI_Handler
                0x080001e8                HardFault_Handler
                0x08000200                HardFault_Handler_C
                0x0800021c                SVC_Handler
                0x08000220                PendSV_Handler
                0x08000224                SysTick_Handler
 .after_vectors
                0x0800022c        0x4 ./system/src/cmsis/vectors_stm32f0xx.o
                0x0800022c                TIM1_CC_IRQHandler
                0x0800022c                TSC_IRQHandler
                0x0800022c                ADC1_COMP_IRQHandler
                0x0800022c                TIM6_IRQHandler
                0x0800022c                PVD_IRQHandler
                0x0800022c                I2C1_IRQHandler
                0x0800022c                RCC_CRS_IRQHandler
                0x0800022c                SPI1_IRQHandler
                0x0800022c                TIM6_DAC_IRQHandler
                0x0800022c                USART3_4_IRQHandler
                0x0800022c                EXTI2_3_IRQHandler
                0x0800022c                ADC1_IRQHandler
                0x0800022c                I2C2_IRQHandler
                0x0800022c                USART3_6_IRQHandler
                0x0800022c                TIM17_IRQHandler
                0x0800022c                CEC_CAN_IRQHandler
                0x0800022c                RTC_IRQHandler
                0x0800022c                PVD_VDDIO2_IRQHandler
                0x0800022c                DMA1_Channel4_5_6_7_IRQHandler
                0x0800022c                TIM16_IRQHandler
                0x0800022c                TIM3_IRQHandler
                0x0800022c                RCC_IRQHandler
                0x0800022c                EXTI4_15_IRQHandler
                0x0800022c                USART3_8_IRQHandler
                0x0800022c                DMA1_Channel1_IRQHandler
                0x0800022c                Default_Handler
                0x0800022c                CEC_IRQHandler
                0x0800022c                TIM14_IRQHandler
                0x0800022c                DMA1_Channel4_5_IRQHandler
                0x0800022c                TIM7_IRQHandler
                0x0800022c                TIM15_IRQHandler
                0x0800022c                EXTI0_1_IRQHandler
                0x0800022c                USB_IRQHandler
                0x0800022c                SPI2_IRQHandler
                0x0800022c                DMA1_Ch2_3_DMA2_Ch1_2_IRQHandler
                0x0800022c                DMA1_Ch4_7_DMA2_Ch3_5_IRQHandler
                0x0800022c                TS_IRQHandler
                0x0800022c                WWDG_IRQHandler
                0x0800022c                TIM2_IRQHandler
                0x0800022c                DMA1_Channel2_3_IRQHandler
                0x0800022c                USART2_IRQHandler
                0x0800022c                VDDIO2_IRQHandler
                0x0800022c                FLASH_IRQHandler
                0x0800022c                USART1_IRQHandler
                0x0800022c                TIM1_BRK_UP_TRG_COM_IRQHandler

.inits          0x08000230       0x28
                0x08000230                __data_regions_array_start = .
                0x08000230        0x4 LONG 0x8001030 LOADADDR (.data)
                0x08000234        0x4 LONG 0x20000000 ADDR (.data)
                0x08000238        0x4 LONG 0x20000088 (ADDR (.data) + SIZEOF (.data))
                0x0800023c        0x4 LONG 0x8001030 LOADADDR (.data_CCMRAM)
                0x08000240        0x4 LONG 0x0 ADDR (.data_CCMRAM)
                0x08000244        0x4 LONG 0x0 (ADDR (.data_CCMRAM) + SIZEOF (.data_CCMRAM))
                0x08000248                __data_regions_array_end = .
                0x08000248                __bss_regions_array_start = .
                0x08000248        0x4 LONG 0x20000088 ADDR (.bss)
                0x0800024c        0x4 LONG 0x20000124 (ADDR (.bss) + SIZEOF (.bss))
                0x08000250        0x4 LONG 0x0 ADDR (.bss_CCMRAM)
                0x08000254        0x4 LONG 0x0 (ADDR (.bss_CCMRAM) + SIZEOF (.bss_CCMRAM))
                0x08000258                __bss_regions_array_end = .
 *(.init)
 *(.fini)
                0x08000258                . = ALIGN (0x4)
                0x08000258                PROVIDE (__preinit_array_start, .)
 *(.preinit_array_sysinit .preinit_array_sysinit.*)
 *(.preinit_array_platform .preinit_array_platform.*)
 *(.preinit_array .preinit_array.*)
                0x08000258                PROVIDE (__preinit_array_end, .)
                0x08000258                . = ALIGN (0x4)
                0x08000258                PROVIDE (__init_array_start, .)
 *(SORT(.init_array.*))
 *(.init_array)
                0x08000258                PROVIDE (__init_array_end, .)
                0x08000258                . = ALIGN (0x4)
                0x08000258                PROVIDE (__fini_array_start, .)
 *(SORT(.fini_array.*))
 *(.fini_array)
                0x08000258                PROVIDE (__fini_array_end, .)

.flashtext
 *(.flashtext .flashtext.*)

.text           0x08000258      0xdd7
 *(.text .text.*)
 .text._exit    0x08000258        0x4 ./system/src/newlib/_exit.o
                0x08000258                _exit
 .text._sbrk    0x0800025c       0x44 ./system/src/newlib/_sbrk.o
                0x0800025c                _sbrk
 .text.__initialize_args
                0x080002a0       0x10 ./system/src/newlib/_syscalls.o
                0x080002a0                __initialize_args
 .text.trace_printf
                0x080002b0       0x2c ./system/src/diag/Trace.o
                0x080002b0                trace_printf
 .text._trace_write_semihosting_debug
                0x080002dc       0x68 ./system/src/diag/trace_impl.o
 .text.trace_write
                0x08000344        0x8 ./system/src/diag/trace_impl.o
                0x08000344                trace_write
 .text.__initialize_hardware_early
                0x0800034c        0x8 ./system/src/cortexm/_initialize_hardware.o
                0x0800034c                __initialize_hardware_early
 .text.__initialize_hardware
                0x08000354        0x8 ./system/src/cortexm/_initialize_hardware.o
                0x08000354                __initialize_hardware
 .text.dumpExceptionStack
                0x0800035c       0x88 ./system/src/cortexm/exception_handlers.o
                0x0800035c                dumpExceptionStack
 .text.SetSysClock
                0x080003e4       0xb0 ./system/src/cmsis/system_stm32f0xx.o
 .text.SystemInit
                0x08000494       0x64 ./system/src/cmsis/system_stm32f0xx.o
                0x08000494                SystemInit
 .text.SystemCoreClockUpdate
                0x080004f8       0x94 ./system/src/cmsis/system_stm32f0xx.o
                0x080004f8                SystemCoreClockUpdate
 .text.main     0x0800058c        0x4 ./src/main.o
                0x0800058c                main
 .text          0x08000590      0x114 c:/dev/gnu tools arm embedded/5.4 2016q3/bin/../lib/gcc/arm-none-eabi/5.4.1/armv6-m\libgcc.a(_udivsi3.o)
                0x08000590                __aeabi_uidiv
                0x08000590                __udivsi3
                0x0800069c                __aeabi_uidivmod
 .text          0x080006a4        0x4 c:/dev/gnu tools arm embedded/5.4 2016q3/bin/../lib/gcc/arm-none-eabi/5.4.1/armv6-m\libgcc.a(_dvmd_tls.o)
                0x080006a4                __aeabi_idiv0
                0x080006a4                __aeabi_ldiv0
 .text.__errno  0x080006a8        0xc c:/dev/gnu tools arm embedded/5.4 2016q3/bin/../lib/gcc/arm-none-eabi/5.4.1/../../../../arm-none-eabi/lib/armv6-m\libg_nano.a(lib_a-errno.o)
                0x080006a8                __errno
 .text._vsnprintf_r
                0x080006b4       0x56 c:/dev/gnu tools arm embedded/5.4 2016q3/bin/../lib/gcc/arm-none-eabi/5.4.1/../../../../arm-none-eabi/lib/armv6-m\libg_nano.a(lib_a-vsnprintf.o)
                0x080006b4                _vsniprintf_r
                0x080006b4                _vsnprintf_r
 *fill*         0x0800070a        0x2 
 .text.vsnprintf
                0x0800070c       0x18 c:/dev/gnu tools arm embedded/5.4 2016q3/bin/../lib/gcc/arm-none-eabi/5.4.1/../../../../arm-none-eabi/lib/armv6-m\libg_nano.a(lib_a-vsnprintf.o)
                0x0800070c                vsniprintf
                0x0800070c                vsnprintf
 .text.__ssputs_r
                0x08000724       0xc4 c:/dev/gnu tools arm embedded/5.4 2016q3/bin/../lib/gcc/arm-none-eabi/5.4.1/../../../../arm-none-eabi/lib/armv6-m\libg_nano.a(lib_a-nano-svfprintf.o)
                0x08000724                __ssputs_r
 .text._svfprintf_r
                0x080007e8      0x1fc c:/dev/gnu tools arm embedded/5.4 2016q3/bin/../lib/gcc/arm-none-eabi/5.4.1/../../../../arm-none-eabi/lib/armv6-m\libg_nano.a(lib_a-nano-svfprintf.o)
                0x080007e8                _svfiprintf_r
                0x080007e8                _svfprintf_r
 .text._printf_common
                0x080009e4       0xdc c:/dev/gnu tools arm embedded/5.4 2016q3/bin/../lib/gcc/arm-none-eabi/5.4.1/../../../../arm-none-eabi/lib/armv6-m\libg_nano.a(lib_a-nano-vfprintf_i.o)
                0x080009e4                _printf_common
 .text._printf_i
                0x08000ac0      0x244 c:/dev/gnu tools arm embedded/5.4 2016q3/bin/../lib/gcc/arm-none-eabi/5.4.1/../../../../arm-none-eabi/lib/armv6-m\libg_nano.a(lib_a-nano-vfprintf_i.o)
                0x08000ac0                _printf_i
 .text.memchr   0x08000d04       0x16 c:/dev/gnu tools arm embedded/5.4 2016q3/bin/../lib/gcc/arm-none-eabi/5.4.1/../../../../arm-none-eabi/lib/armv6-m\libg_nano.a(lib_a-memchr-stub.o)
                0x08000d04                memchr
 .text.memcpy   0x08000d1a       0x12 c:/dev/gnu tools arm embedded/5.4 2016q3/bin/../lib/gcc/arm-none-eabi/5.4.1/../../../../arm-none-eabi/lib/armv6-m\libg_nano.a(lib_a-memcpy-stub.o)
                0x08000d1a                memcpy
 .text.memmove  0x08000d2c       0x2a c:/dev/gnu tools arm embedded/5.4 2016q3/bin/../lib/gcc/arm-none-eabi/5.4.1/../../../../arm-none-eabi/lib/armv6-m\libg_nano.a(lib_a-memmove.o)
                0x08000d2c                memmove
 *fill*         0x08000d56        0x2 
 .text._free_r  0x08000d58       0x98 c:/dev/gnu tools arm embedded/5.4 2016q3/bin/../lib/gcc/arm-none-eabi/5.4.1/../../../../arm-none-eabi/lib/armv6-m\libg_nano.a(lib_a-nano-freer.o)
                0x08000d58                _free_r
 .text._malloc_r
                0x08000df0       0xc0 c:/dev/gnu tools arm embedded/5.4 2016q3/bin/../lib/gcc/arm-none-eabi/5.4.1/../../../../arm-none-eabi/lib/armv6-m\libg_nano.a(lib_a-nano-mallocr.o)
                0x08000df0                _malloc_r
 .text._realloc_r
                0x08000eb0       0x4c c:/dev/gnu tools arm embedded/5.4 2016q3/bin/../lib/gcc/arm-none-eabi/5.4.1/../../../../arm-none-eabi/lib/armv6-m\libg_nano.a(lib_a-nano-reallocr.o)
                0x08000eb0                _realloc_r
 .text._sbrk_r  0x08000efc       0x24 c:/dev/gnu tools arm embedded/5.4 2016q3/bin/../lib/gcc/arm-none-eabi/5.4.1/../../../../arm-none-eabi/lib/armv6-m\libg_nano.a(lib_a-sbrkr.o)
                0x08000efc                _sbrk_r
 .text.__malloc_lock
                0x08000f20        0x2 c:/dev/gnu tools arm embedded/5.4 2016q3/bin/../lib/gcc/arm-none-eabi/5.4.1/../../../../arm-none-eabi/lib/armv6-m\libg_nano.a(lib_a-mlock.o)
                0x08000f20                __malloc_lock
 .text.__malloc_unlock
                0x08000f22        0x2 c:/dev/gnu tools arm embedded/5.4 2016q3/bin/../lib/gcc/arm-none-eabi/5.4.1/../../../../arm-none-eabi/lib/armv6-m\libg_nano.a(lib_a-mlock.o)
                0x08000f22                __malloc_unlock
 .text._malloc_usable_size_r
                0x08000f24       0x16 c:/dev/gnu tools arm embedded/5.4 2016q3/bin/../lib/gcc/arm-none-eabi/5.4.1/../../../../arm-none-eabi/lib/armv6-m\libg_nano.a(lib_a-nano-msizer.o)
                0x08000f24                _malloc_usable_size_r
 *(.rodata .rodata.* .constdata .constdata.*)
 *fill*         0x08000f3a        0x2 
 .rodata.str1.4
                0x08000f3c       0xc0 ./system/src/cortexm/exception_handlers.o
                                 0xbd (size before relaxing)
 .rodata.str1.1
                0x08000ffc       0x11 c:/dev/gnu tools arm embedded/5.4 2016q3/bin/../lib/gcc/arm-none-eabi/5.4.1/../../../../arm-none-eabi/lib/armv6-m\libg_nano.a(lib_a-nano-svfprintf.o)
 .rodata.str1.1
                0x0800100d       0x22 c:/dev/gnu tools arm embedded/5.4 2016q3/bin/../lib/gcc/arm-none-eabi/5.4.1/../../../../arm-none-eabi/lib/armv6-m\libg_nano.a(lib_a-nano-vfprintf_i.o)
 *(vtable)
 *(.eh_frame*)
 *(.glue_7)
 .glue_7        0x0800102f        0x0 linker stubs
 *(.glue_7t)
 .glue_7t       0x0800102f        0x0 linker stubs

.vfp11_veneer   0x08001030        0x0
 .vfp11_veneer  0x08001030        0x0 linker stubs

.v4_bx          0x08001030        0x0
 .v4_bx         0x08001030        0x0 linker stubs

.iplt           0x08001030        0x0
 .iplt          0x08001030        0x0 ./system/src/stm32f0-stdperiph/stm32f0xx_gpio.o

.rel.dyn        0x08001030        0x0
 .rel.iplt      0x08001030        0x0 ./system/src/stm32f0-stdperiph/stm32f0xx_gpio.o

.ARM.extab
 *(.ARM.extab* .gnu.linkonce.armextab.*)
                0x08001030                . = ALIGN (0x4)
                0x08001030                __exidx_start = .

.ARM.exidx
 *(.ARM.exidx* .gnu.linkonce.armexidx.*)
                0x08001030                __exidx_end = .
                0x08001030                . = ALIGN (0x4)
                0x08001030                _etext = .
                0x08001030                __etext = .

.data_CCMRAM    0x00000000        0x0 load address 0x08001030
 FILL mask 0xff
 *(.data.CCMRAM .data.CCMRAM.*)
                0x00000000                . = ALIGN (0x4)
                0x08001030                _sidata = LOADADDR (.data)

.data           0x20000000       0x88 load address 0x08001030
 FILL mask 0xff
                0x20000000                _sdata = .
                0x20000000                __data_start__ = .
 *(.data_begin .data_begin.*)
 .data_begin    0x20000000        0x4 ./system/src/newlib/_startup.o
 *(.data .data.*)
 .data.argv.4770
                0x20000004        0x8 ./system/src/newlib/_syscalls.o
 .data.AHBPrescTable
                0x2000000c       0x10 ./system/src/cmsis/system_stm32f0xx.o
                0x2000000c                AHBPrescTable
 .data.SystemCoreClock
                0x2000001c        0x4 ./system/src/cmsis/system_stm32f0xx.o
                0x2000001c                SystemCoreClock
 .data.impure_data
                0x20000020       0x60 c:/dev/gnu tools arm embedded/5.4 2016q3/bin/../lib/gcc/arm-none-eabi/5.4.1/../../../../arm-none-eabi/lib/armv6-m\libg_nano.a(lib_a-impure.o)
 .data._impure_ptr
                0x20000080        0x4 c:/dev/gnu tools arm embedded/5.4 2016q3/bin/../lib/gcc/arm-none-eabi/5.4.1/../../../../arm-none-eabi/lib/armv6-m\libg_nano.a(lib_a-impure.o)
                0x20000080                _impure_ptr
 *(.data_end .data_end.*)
 .data_end      0x20000084        0x4 ./system/src/newlib/_startup.o
                0x20000088                . = ALIGN (0x4)
                0x20000088                _edata = .
                0x20000088                __data_end__ = .

.igot.plt       0x20000088        0x0 load address 0x080010b8
 .igot.plt      0x20000088        0x0 ./system/src/stm32f0-stdperiph/stm32f0xx_gpio.o

.bss_CCMRAM     0x00000000        0x0
 *(.bss.CCMRAM .bss.CCMRAM.*)

.bss            0x20000088       0x9c
                0x20000088                __bss_start__ = .
                0x20000088                _sbss = .
 *(.bss_begin .bss_begin.*)
 .bss_begin     0x20000088        0x4 ./system/src/newlib/_startup.o
 *(.bss .bss.*)
 .bss.current_heap_end.4454
                0x2000008c        0x4 ./system/src/newlib/_sbrk.o
 .bss.name.4769
                0x20000090        0x1 ./system/src/newlib/_syscalls.o
 *fill*         0x20000091        0x3 
 .bss.buf.5659  0x20000094       0x80 ./system/src/diag/Trace.o
 .bss.__malloc_sbrk_start
                0x20000114        0x4 c:/dev/gnu tools arm embedded/5.4 2016q3/bin/../lib/gcc/arm-none-eabi/5.4.1/../../../../arm-none-eabi/lib/armv6-m\libg_nano.a(lib_a-nano-mallocr.o)
                0x20000114                __malloc_sbrk_start
 .bss.__malloc_free_list
                0x20000118        0x4 c:/dev/gnu tools arm embedded/5.4 2016q3/bin/../lib/gcc/arm-none-eabi/5.4.1/../../../../arm-none-eabi/lib/armv6-m\libg_nano.a(lib_a-nano-mallocr.o)
                0x20000118                __malloc_free_list
 *(COMMON)
 COMMON         0x2000011c        0x4 ./system/src/newlib/_syscalls.o
                0x2000011c                errno
 *(.bss_end .bss_end.*)
 .bss_end       0x20000120        0x4 ./system/src/newlib/_startup.o
                0x20000124                . = ALIGN (0x4)
                0x20000124                __bss_end__ = .
                0x20000124                _ebss = .

.noinit_CCMRAM
 *(.noinit.CCMRAM .noinit.CCMRAM.*)

.noinit         0x20000124        0x0
                0x20000124                _noinit = .
 *(.noinit .noinit.*)
                0x20000124                . = ALIGN (0x4)
                0x20000124                _end_noinit = .
                [!provide]                PROVIDE (end, _end_noinit)
                [!provide]                PROVIDE (_end, _end_noinit)
                [!provide]                PROVIDE (__end, _end_noinit)
                [!provide]                PROVIDE (__end__, _end_noinit)

._check_stack   0x20000124      0x100
                0x20000224                . = (. + _Minimum_Stack_Size)
 *fill*         0x20000124      0x100 

.b1text
 *(.b1text)
 *(.b1rodata)
 *(.b1rodata.*)

.eb0text
 *(.eb0text)
 *(.eb0rodata)
 *(.eb0rodata.*)

.eb1text
 *(.eb1text)
 *(.eb1rodata)
 *(.eb1rodata.*)

.eb2text
 *(.eb2text)
 *(.eb2rodata)
 *(.eb2rodata.*)

.eb3text
 *(.eb3text)
 *(.eb3rodata)
 *(.eb3rodata.*)

.stab
 *(.stab)

.stabstr
 *(.stabstr)

.stab.excl
 *(.stab.excl)

.stab.exclstr
 *(.stab.exclstr)

.stab.index
 *(.stab.index)

.stab.indexstr
 *(.stab.indexstr)

.comment        0x00000000       0x6e
 *(.comment)
 .comment       0x00000000       0x6e ./system/src/newlib/_exit.o
                                 0x6f (size before relaxing)
 .comment       0x0000006e       0x6f ./system/src/newlib/_sbrk.o
 .comment       0x0000006e       0x6f ./system/src/newlib/_startup.o
 .comment       0x0000006e       0x6f ./system/src/newlib/_syscalls.o
 .comment       0x0000006e       0x6f ./system/src/diag/Trace.o
 .comment       0x0000006e       0x6f ./system/src/diag/trace_impl.o
 .comment       0x0000006e       0x6f ./system/src/cortexm/_initialize_hardware.o
 .comment       0x0000006e       0x6f ./system/src/cortexm/exception_handlers.o
 .comment       0x0000006e       0x6f ./system/src/cmsis/system_stm32f0xx.o
 .comment       0x0000006e       0x6f ./system/src/cmsis/vectors_stm32f0xx.o
 .comment       0x0000006e       0x6f ./src/main.o

.ARM.attributes
                0x00000000       0x2f
 .ARM.attributes
                0x00000000       0x31 ./system/src/newlib/_exit.o
 .ARM.attributes
                0x00000031       0x31 ./system/src/newlib/_sbrk.o
 .ARM.attributes
                0x00000062       0x31 ./system/src/newlib/_startup.o
 .ARM.attributes
                0x00000093       0x31 ./system/src/newlib/_syscalls.o
 .ARM.attributes
                0x000000c4       0x31 ./system/src/diag/Trace.o
 .ARM.attributes
                0x000000f5       0x31 ./system/src/diag/trace_impl.o
 .ARM.attributes
                0x00000126       0x31 ./system/src/cortexm/_initialize_hardware.o
 .ARM.attributes
                0x00000157       0x31 ./system/src/cortexm/exception_handlers.o
 .ARM.attributes
                0x00000188       0x31 ./system/src/cmsis/system_stm32f0xx.o
 .ARM.attributes
                0x000001b9       0x31 ./system/src/cmsis/vectors_stm32f0xx.o
 .ARM.attributes
                0x000001ea       0x31 ./src/main.o
 .ARM.attributes
                0x0000021b       0x1e c:/dev/gnu tools arm embedded/5.4 2016q3/bin/../lib/gcc/arm-none-eabi/5.4.1/armv6-m\libgcc.a(_udivsi3.o)
 .ARM.attributes
                0x00000239       0x1e c:/dev/gnu tools arm embedded/5.4 2016q3/bin/../lib/gcc/arm-none-eabi/5.4.1/armv6-m\libgcc.a(_dvmd_tls.o)
 .ARM.attributes
                0x00000257       0x2c c:/dev/gnu tools arm embedded/5.4 2016q3/bin/../lib/gcc/arm-none-eabi/5.4.1/../../../../arm-none-eabi/lib/armv6-m\libg_nano.a(lib_a-errno.o)
 .ARM.attributes
                0x00000283       0x2c c:/dev/gnu tools arm embedded/5.4 2016q3/bin/../lib/gcc/arm-none-eabi/5.4.1/../../../../arm-none-eabi/lib/armv6-m\libg_nano.a(lib_a-impure.o)
 .ARM.attributes
                0x000002af       0x2c c:/dev/gnu tools arm embedded/5.4 2016q3/bin/../lib/gcc/arm-none-eabi/5.4.1/../../../../arm-none-eabi/lib/armv6-m\libg_nano.a(lib_a-vsnprintf.o)
 .ARM.attributes
                0x000002db       0x2c c:/dev/gnu tools arm embedded/5.4 2016q3/bin/../lib/gcc/arm-none-eabi/5.4.1/../../../../arm-none-eabi/lib/armv6-m\libg_nano.a(lib_a-nano-svfprintf.o)
 .ARM.attributes
                0x00000307       0x2c c:/dev/gnu tools arm embedded/5.4 2016q3/bin/../lib/gcc/arm-none-eabi/5.4.1/../../../../arm-none-eabi/lib/armv6-m\libg_nano.a(lib_a-nano-vfprintf_i.o)
 .ARM.attributes
                0x00000333       0x2c c:/dev/gnu tools arm embedded/5.4 2016q3/bin/../lib/gcc/arm-none-eabi/5.4.1/../../../../arm-none-eabi/lib/armv6-m\libg_nano.a(lib_a-memchr-stub.o)
 .ARM.attributes
                0x0000035f       0x2c c:/dev/gnu tools arm embedded/5.4 2016q3/bin/../lib/gcc/arm-none-eabi/5.4.1/../../../../arm-none-eabi/lib/armv6-m\libg_nano.a(lib_a-memcpy-stub.o)
 .ARM.attributes
                0x0000038b       0x2c c:/dev/gnu tools arm embedded/5.4 2016q3/bin/../lib/gcc/arm-none-eabi/5.4.1/../../../../arm-none-eabi/lib/armv6-m\libg_nano.a(lib_a-memmove.o)
 .ARM.attributes
                0x000003b7       0x2c c:/dev/gnu tools arm embedded/5.4 2016q3/bin/../lib/gcc/arm-none-eabi/5.4.1/../../../../arm-none-eabi/lib/armv6-m\libg_nano.a(lib_a-nano-freer.o)
 .ARM.attributes
                0x000003e3       0x2c c:/dev/gnu tools arm embedded/5.4 2016q3/bin/../lib/gcc/arm-none-eabi/5.4.1/../../../../arm-none-eabi/lib/armv6-m\libg_nano.a(lib_a-nano-mallocr.o)
 .ARM.attributes
                0x0000040f       0x2c c:/dev/gnu tools arm embedded/5.4 2016q3/bin/../lib/gcc/arm-none-eabi/5.4.1/../../../../arm-none-eabi/lib/armv6-m\libg_nano.a(lib_a-nano-reallocr.o)
 .ARM.attributes
                0x0000043b       0x2c c:/dev/gnu tools arm embedded/5.4 2016q3/bin/../lib/gcc/arm-none-eabi/5.4.1/../../../../arm-none-eabi/lib/armv6-m\libg_nano.a(lib_a-sbrkr.o)
 .ARM.attributes
                0x00000467       0x2c c:/dev/gnu tools arm embedded/5.4 2016q3/bin/../lib/gcc/arm-none-eabi/5.4.1/../../../../arm-none-eabi/lib/armv6-m\libg_nano.a(lib_a-mlock.o)
 .ARM.attributes
                0x00000493       0x2c c:/dev/gnu tools arm embedded/5.4 2016q3/bin/../lib/gcc/arm-none-eabi/5.4.1/../../../../arm-none-eabi/lib/armv6-m\libg_nano.a(lib_a-nano-msizer.o)

.debug
 *(.debug)

.line
 *(.line)

.debug_srcinfo
 *(.debug_srcinfo)

.debug_sfnames
 *(.debug_sfnames)

.debug_aranges  0x00000000      0x2b0
 *(.debug_aranges)
 .debug_aranges
                0x00000000       0x28 ./system/src/newlib/_exit.o
 .debug_aranges
                0x00000028       0x20 ./system/src/newlib/_sbrk.o
 .debug_aranges
                0x00000048       0x40 ./system/src/newlib/_startup.o
 .debug_aranges
                0x00000088       0xd0 ./system/src/newlib/_syscalls.o
 .debug_aranges
                0x00000158       0x38 ./system/src/diag/Trace.o
 .debug_aranges
                0x00000190       0x30 ./system/src/diag/trace_impl.o
 .debug_aranges
                0x000001c0       0x28 ./system/src/cortexm/_initialize_hardware.o
 .debug_aranges
                0x000001e8       0x58 ./system/src/cortexm/exception_handlers.o
 .debug_aranges
                0x00000240       0x30 ./system/src/cmsis/system_stm32f0xx.o
 .debug_aranges
                0x00000270       0x20 ./system/src/cmsis/vectors_stm32f0xx.o
 .debug_aranges
                0x00000290       0x20 ./src/main.o

.debug_pubnames
 *(.debug_pubnames)

.debug_info     0x00000000     0x1e72
 *(.debug_info .gnu.linkonce.wi.*)
 .debug_info    0x00000000       0xef ./system/src/newlib/_exit.o
 .debug_info    0x000000ef      0x11f ./system/src/newlib/_sbrk.o
 .debug_info    0x0000020e      0x460 ./system/src/newlib/_startup.o
 .debug_info    0x0000066e      0x988 ./system/src/newlib/_syscalls.o
 .debug_info    0x00000ff6      0x2e7 ./system/src/diag/Trace.o
 .debug_info    0x000012dd      0x2eb ./system/src/diag/trace_impl.o
 .debug_info    0x000015c8       0xcb ./system/src/cortexm/_initialize_hardware.o
 .debug_info    0x00001693      0x332 ./system/src/cortexm/exception_handlers.o
 .debug_info    0x000019c5      0x317 ./system/src/cmsis/system_stm32f0xx.o
 .debug_info    0x00001cdc       0xd1 ./system/src/cmsis/vectors_stm32f0xx.o
 .debug_info    0x00001dad       0xc5 ./src/main.o

.debug_abbrev   0x00000000      0xb68
 *(.debug_abbrev)
 .debug_abbrev  0x00000000       0x8e ./system/src/newlib/_exit.o
 .debug_abbrev  0x0000008e       0xb9 ./system/src/newlib/_sbrk.o
 .debug_abbrev  0x00000147      0x1ac ./system/src/newlib/_startup.o
 .debug_abbrev  0x000002f3      0x169 ./system/src/newlib/_syscalls.o
 .debug_abbrev  0x0000045c      0x156 ./system/src/diag/Trace.o
 .debug_abbrev  0x000005b2      0x1ae ./system/src/diag/trace_impl.o
 .debug_abbrev  0x00000760       0x63 ./system/src/cortexm/_initialize_hardware.o
 .debug_abbrev  0x000007c3      0x15c ./system/src/cortexm/exception_handlers.o
 .debug_abbrev  0x0000091f      0x148 ./system/src/cmsis/system_stm32f0xx.o
 .debug_abbrev  0x00000a67       0x9d ./system/src/cmsis/vectors_stm32f0xx.o
 .debug_abbrev  0x00000b04       0x64 ./src/main.o

.debug_line     0x00000000     0x2c38
 *(.debug_line)
 .debug_line    0x00000000      0x2fd ./system/src/newlib/_exit.o
 .debug_line    0x000002fd      0x2ad ./system/src/newlib/_sbrk.o
 .debug_line    0x000005aa      0x36d ./system/src/newlib/_startup.o
 .debug_line    0x00000917      0x522 ./system/src/newlib/_syscalls.o
 .debug_line    0x00000e39      0x36c ./system/src/diag/Trace.o
 .debug_line    0x000011a5      0x5f8 ./system/src/diag/trace_impl.o
 .debug_line    0x0000179d      0x488 ./system/src/cortexm/_initialize_hardware.o
 .debug_line    0x00001c25      0x647 ./system/src/cortexm/exception_handlers.o
 .debug_line    0x0000226c      0x4c6 ./system/src/cmsis/system_stm32f0xx.o
 .debug_line    0x00002732      0x209 ./system/src/cmsis/vectors_stm32f0xx.o
 .debug_line    0x0000293b      0x2fd ./src/main.o

.debug_frame    0x00000000      0x830
 *(.debug_frame)
 .debug_frame   0x00000000       0x38 ./system/src/newlib/_exit.o
 .debug_frame   0x00000038       0x28 ./system/src/newlib/_sbrk.o
 .debug_frame   0x00000060       0x80 ./system/src/newlib/_startup.o
 .debug_frame   0x000000e0      0x230 ./system/src/newlib/_syscalls.o
 .debug_frame   0x00000310       0x78 ./system/src/diag/Trace.o
 .debug_frame   0x00000388       0x60 ./system/src/diag/trace_impl.o
 .debug_frame   0x000003e8       0x40 ./system/src/cortexm/_initialize_hardware.o
 .debug_frame   0x00000428       0xb0 ./system/src/cortexm/exception_handlers.o
 .debug_frame   0x000004d8       0x54 ./system/src/cmsis/system_stm32f0xx.o
 .debug_frame   0x0000052c       0x20 ./system/src/cmsis/vectors_stm32f0xx.o
 .debug_frame   0x0000054c       0x20 ./src/main.o
 .debug_frame   0x0000056c       0x20 c:/dev/gnu tools arm embedded/5.4 2016q3/bin/../lib/gcc/arm-none-eabi/5.4.1/armv6-m\libgcc.a(_udivsi3.o)
 .debug_frame   0x0000058c       0x20 c:/dev/gnu tools arm embedded/5.4 2016q3/bin/../lib/gcc/arm-none-eabi/5.4.1/../../../../arm-none-eabi/lib/armv6-m\libg_nano.a(lib_a-errno.o)
 .debug_frame   0x000005ac       0x48 c:/dev/gnu tools arm embedded/5.4 2016q3/bin/../lib/gcc/arm-none-eabi/5.4.1/../../../../arm-none-eabi/lib/armv6-m\libg_nano.a(lib_a-vsnprintf.o)
 .debug_frame   0x000005f4       0x74 c:/dev/gnu tools arm embedded/5.4 2016q3/bin/../lib/gcc/arm-none-eabi/5.4.1/../../../../arm-none-eabi/lib/armv6-m\libg_nano.a(lib_a-nano-svfprintf.o)
 .debug_frame   0x00000668       0x54 c:/dev/gnu tools arm embedded/5.4 2016q3/bin/../lib/gcc/arm-none-eabi/5.4.1/../../../../arm-none-eabi/lib/armv6-m\libg_nano.a(lib_a-nano-vfprintf_i.o)
 .debug_frame   0x000006bc       0x20 c:/dev/gnu tools arm embedded/5.4 2016q3/bin/../lib/gcc/arm-none-eabi/5.4.1/../../../../arm-none-eabi/lib/armv6-m\libg_nano.a(lib_a-memchr-stub.o)
 .debug_frame   0x000006dc       0x28 c:/dev/gnu tools arm embedded/5.4 2016q3/bin/../lib/gcc/arm-none-eabi/5.4.1/../../../../arm-none-eabi/lib/armv6-m\libg_nano.a(lib_a-memcpy-stub.o)
 .debug_frame   0x00000704       0x28 c:/dev/gnu tools arm embedded/5.4 2016q3/bin/../lib/gcc/arm-none-eabi/5.4.1/../../../../arm-none-eabi/lib/armv6-m\libg_nano.a(lib_a-memmove.o)
 .debug_frame   0x0000072c       0x2c c:/dev/gnu tools arm embedded/5.4 2016q3/bin/../lib/gcc/arm-none-eabi/5.4.1/../../../../arm-none-eabi/lib/armv6-m\libg_nano.a(lib_a-nano-freer.o)
 .debug_frame   0x00000758       0x2c c:/dev/gnu tools arm embedded/5.4 2016q3/bin/../lib/gcc/arm-none-eabi/5.4.1/../../../../arm-none-eabi/lib/armv6-m\libg_nano.a(lib_a-nano-mallocr.o)
 .debug_frame   0x00000784       0x30 c:/dev/gnu tools arm embedded/5.4 2016q3/bin/../lib/gcc/arm-none-eabi/5.4.1/../../../../arm-none-eabi/lib/armv6-m\libg_nano.a(lib_a-nano-reallocr.o)
 .debug_frame   0x000007b4       0x2c c:/dev/gnu tools arm embedded/5.4 2016q3/bin/../lib/gcc/arm-none-eabi/5.4.1/../../../../arm-none-eabi/lib/armv6-m\libg_nano.a(lib_a-sbrkr.o)
 .debug_frame   0x000007e0       0x30 c:/dev/gnu tools arm embedded/5.4 2016q3/bin/../lib/gcc/arm-none-eabi/5.4.1/../../../../arm-none-eabi/lib/armv6-m\libg_nano.a(lib_a-mlock.o)
 .debug_frame   0x00000810       0x20 c:/dev/gnu tools arm embedded/5.4 2016q3/bin/../lib/gcc/arm-none-eabi/5.4.1/../../../../arm-none-eabi/lib/armv6-m\libg_nano.a(lib_a-nano-msizer.o)

.debug_str      0x00000000    0x50718
 *(.debug_str)
 .debug_str     0x00000000     0x6bcd ./system/src/newlib/_exit.o
                               0x6d3f (size before relaxing)
 .debug_str     0x00006bcd      0x4de ./system/src/newlib/_sbrk.o
                               0x612a (size before relaxing)
 .debug_str     0x000070ab      0xbdc ./system/src/newlib/_startup.o
                               0x5caa (size before relaxing)
 .debug_str     0x00007c87     0x1053 ./system/src/newlib/_syscalls.o
                               0x7240 (size before relaxing)
 .debug_str     0x00008cda      0x890 ./system/src/diag/Trace.o
                               0x752f (size before relaxing)
 .debug_str     0x0000956a    0x46ed7 ./system/src/diag/trace_impl.o
                              0x4d8d1 (size before relaxing)
 .debug_str     0x00050441       0x4e ./system/src/cortexm/_initialize_hardware.o
                              0x49e57 (size before relaxing)
 .debug_str     0x0005048f      0x109 ./system/src/cortexm/exception_handlers.o
                              0x4e330 (size before relaxing)
 .debug_str     0x00050598      0x11c ./system/src/cmsis/system_stm32f0xx.o
                              0x49f25 (size before relaxing)
 .debug_str     0x000506b4       0x56 ./system/src/cmsis/vectors_stm32f0xx.o
                               0x3304 (size before relaxing)
 .debug_str     0x0005070a        0xe ./src/main.o
                               0x743d (size before relaxing)

.debug_loc      0x00000000      0xc5a
 *(.debug_loc)
 .debug_loc     0x00000000       0x7b ./system/src/newlib/_sbrk.o
 .debug_loc     0x0000007b      0x265 ./system/src/newlib/_startup.o
 .debug_loc     0x000002e0      0x549 ./system/src/newlib/_syscalls.o
 .debug_loc     0x00000829      0x102 ./system/src/diag/Trace.o
 .debug_loc     0x0000092b      0x17c ./system/src/diag/trace_impl.o
 .debug_loc     0x00000aa7       0x94 ./system/src/cortexm/exception_handlers.o
 .debug_loc     0x00000b3b      0x11f ./system/src/cmsis/system_stm32f0xx.o

.debug_macinfo
 *(.debug_macinfo)

.debug_weaknames
 *(.debug_weaknames)

.debug_funcnames
 *(.debug_funcnames)

.debug_typenames
 *(.debug_typenames)

.debug_varnames
 *(.debug_varnames)
OUTPUT(Project.elf elf32-littlearm)

.debug_ranges   0x00000000      0x230
 .debug_ranges  0x00000000       0x18 ./system/src/newlib/_exit.o
 .debug_ranges  0x00000018       0x10 ./system/src/newlib/_sbrk.o
 .debug_ranges  0x00000028       0x48 ./system/src/newlib/_startup.o
 .debug_ranges  0x00000070       0xc0 ./system/src/newlib/_syscalls.o
 .debug_ranges  0x00000130       0x28 ./system/src/diag/Trace.o
 .debug_ranges  0x00000158       0x38 ./system/src/diag/trace_impl.o
 .debug_ranges  0x00000190       0x18 ./system/src/cortexm/_initialize_hardware.o
 .debug_ranges  0x000001a8       0x48 ./system/src/cortexm/exception_handlers.o
 .debug_ranges  0x000001f0       0x20 ./system/src/cmsis/system_stm32f0xx.o
 .debug_ranges  0x00000210       0x10 ./system/src/cmsis/vectors_stm32f0xx.o
 .debug_ranges  0x00000220       0x10 ./src/main.o

.debug_macro    0x00000000     0x2816
 .debug_macro   0x00000000      0x19c ./system/src/newlib/_exit.o
 .debug_macro   0x0000019c       0x9c ./system/src/newlib/_exit.o
 .debug_macro   0x00000238      0x10e ./system/src/newlib/_exit.o
 .debug_macro   0x00000346       0x8d ./system/src/newlib/_exit.o
 .debug_macro   0x000003d3       0x43 ./system/src/newlib/_exit.o
 .debug_macro   0x00000416      0x30d ./system/src/newlib/_exit.o
 .debug_macro   0x00000723       0x35 ./system/src/newlib/_exit.o
 .debug_macro   0x00000758      0x151 ./system/src/newlib/_sbrk.o
 .debug_macro   0x000008a9      0x174 ./system/src/newlib/_sbrk.o
 .debug_macro   0x00000a1d       0x10 ./system/src/newlib/_sbrk.o
 .debug_macro   0x00000a2d      0x23b ./system/src/newlib/_sbrk.o
 .debug_macro   0x00000c68      0x170 ./system/src/newlib/_startup.o
 .debug_macro   0x00000dd8       0x52 ./system/src/newlib/_startup.o
 .debug_macro   0x00000e2a      0x1ff ./system/src/newlib/_syscalls.o
 .debug_macro   0x00001029       0x1c ./system/src/newlib/_syscalls.o
 .debug_macro   0x00001045       0x10 ./system/src/newlib/_syscalls.o
 .debug_macro   0x00001055       0x10 ./system/src/newlib/_syscalls.o
 .debug_macro   0x00001065       0x10 ./system/src/newlib/_syscalls.o
 .debug_macro   0x00001075       0x35 ./system/src/newlib/_syscalls.o
 .debug_macro   0x000010aa      0x122 ./system/src/newlib/_syscalls.o
 .debug_macro   0x000011cc       0x88 ./system/src/newlib/_syscalls.o
 .debug_macro   0x00001254       0x2b ./system/src/newlib/_syscalls.o
 .debug_macro   0x0000127f      0x118 ./system/src/newlib/_syscalls.o
 .debug_macro   0x00001397      0x159 ./system/src/newlib/_syscalls.o
 .debug_macro   0x000014f0       0x16 ./system/src/newlib/_syscalls.o
 .debug_macro   0x00001506      0x1d9 ./system/src/diag/Trace.o
 .debug_macro   0x000016df       0x16 ./system/src/diag/Trace.o
 .debug_macro   0x000016f5       0x97 ./system/src/diag/Trace.o
 .debug_macro   0x0000178c       0xfd ./system/src/diag/Trace.o
 .debug_macro   0x00001889       0x10 ./system/src/diag/Trace.o
 .debug_macro   0x00001899       0x16 ./system/src/diag/Trace.o
 .debug_macro   0x000018af      0x18b ./system/src/diag/Trace.o
 .debug_macro   0x00001a3a       0x4c ./system/src/diag/Trace.o
 .debug_macro   0x00001a86       0x16 ./system/src/diag/Trace.o
 .debug_macro   0x00001a9c      0x2d1 ./system/src/diag/trace_impl.o
 .debug_macro   0x00001d6d       0x10 ./system/src/diag/trace_impl.o
 .debug_macro   0x00001d7d       0xcf ./system/src/diag/trace_impl.o
 .debug_macro   0x00001e4c       0xbe ./system/src/diag/trace_impl.o
 .debug_macro   0x00001f0a       0x22 ./system/src/diag/trace_impl.o
 .debug_macro   0x00001f2c      0x1a4 ./system/src/cortexm/_initialize_hardware.o
 .debug_macro   0x000020d0      0x311 ./system/src/cortexm/exception_handlers.o
 .debug_macro   0x000023e1       0x3b ./system/src/cortexm/exception_handlers.o
 .debug_macro   0x0000241c       0x10 ./system/src/cortexm/exception_handlers.o
 .debug_macro   0x0000242c      0x19a ./system/src/cmsis/system_stm32f0xx.o
 .debug_macro   0x000025c6       0x73 ./system/src/cmsis/vectors_stm32f0xx.o
 .debug_macro   0x00002639      0x1dd ./src/main.o
